
> preview
> node scripts/with-app-env.mjs vite preview


 ╭────────── [Build Info] ─────────────╮
 │                                     │
 │  - Build Directory: .vercel/output  │
 │  - Date: 9/9/2026, 9:50:46 AM       │
 │  - Nitro Version: 3.0.260610-beta   │
 │  - Nitro Preset: vercel             │
 │                                     │
 ╰─────────────────────────────────────╯

  ➜  Local:   http://127.0.0.1:8081/

> preview
> node scripts/with-app-env.mjs vite preview


 ╭────────── [Build Info] ─────────────╮
 │                                     │
 │  - Build Directory: .vercel/output  │
 │  - Date: 9/9/2026, 10:19:31 AM      │
 │  - Nitro Version: 3.0.260610-beta   │
 │  - Nitro Preset: vercel             │
 │                                     │
 ╰─────────────────────────────────────╯

  ➜  Local:   http://127.0.0.1:8081/

> preview
> node scripts/with-app-env.mjs vite preview


 ╭────────── [Build Info] ─────────────╮
 │                                     │
 │  - Build Directory: .vercel/output  │
 │  - Date: 9/9/2026, 10:23:05 AM      │
 │  - Nitro Version: 3.0.260610-beta   │
 │  - Nitro Preset: vercel             │
 │                                     │
 ╰─────────────────────────────────────╯

  ➜  Local:   http://127.0.0.1:8081/

> preview
> node scripts/with-app-env.mjs vite preview


 ╭────────── [Build Info] ─────────────╮
 │                                     │
 │  - Build Directory: .vercel/output  │
 │  - Date: 9/9/2026, 10:33:29 AM      │
 │  - Nitro Version: 3.0.260610-beta   │
 │  - Nitro Preset: vercel             │
 │                                     │
 ╰─────────────────────────────────────╯

  ➜  Local:   http://127.0.0.1:8081/

> preview
> node scripts/with-app-env.mjs vite preview


 ╭────────── [Build Info] ─────────────╮
 │                                     │
 │  - Build Directory: .vercel/output  │
 │  - Date: 9/9/2026, 10:49:53 AM      │
 │  - Nitro Version: 3.0.260610-beta   │
 │  - Nitro Preset: vercel             │
 │                                     │
 ╰─────────────────────────────────────╯

  ➜  Local:   http://127.0.0.1:8081/
Error: aborted
    at abortIncoming (node:_http_server:838:17)
    ... 3 lines matching cause stack trace ...
    at TCP.callbackTrampoline (node:internal/async_hooks:130:17) {
  cause: Error: aborted
      at abortIncoming (node:_http_server:838:17)
      at socketOnClose (node:_http_server:832:3)
      at Socket.emit (node:events:531:35)
      at TCP.<anonymous> (node:net:347:12)
      at TCP.callbackTrampoline (node:internal/async_hooks:130:17) {
    code: 'ECONNRESET'
  },
  status: 500,
  statusText: undefined,
  headers: undefined,
  data: undefined,
  body: undefined,
  unhandled: true
}
Error: aborted
    at abortIncoming (node:_http_server:838:17)
    ... 3 lines matching cause stack trace ...
    at TCP.callbackTrampoline (node:internal/async_hooks:130:17) {
  cause: Error: aborted
      at abortIncoming (node:_http_server:838:17)
      at socketOnClose (node:_http_server:832:3)
      at Socket.emit (node:events:531:35)
      at TCP.<anonymous> (node:net:347:12)
      at TCP.callbackTrampoline (node:internal/async_hooks:130:17) {
    code: 'ECONNRESET'
  },
  status: 500,
  statusText: undefined,
  headers: undefined,
  data: undefined,
  body: undefined,
  unhandled: true
}
Error: aborted
    at abortIncoming (node:_http_server:838:17)
    ... 3 lines matching cause stack trace ...
    at TCP.callbackTrampoline (node:internal/async_hooks:130:17) {
  cause: Error: aborted
      at abortIncoming (node:_http_server:838:17)
      at socketOnClose (node:_http_server:832:3)
      at Socket.emit (node:events:531:35)
      at TCP.<anonymous> (node:net:347:12)
      at TCP.callbackTrampoline (node:internal/async_hooks:130:17) {
    code: 'ECONNRESET'
  },
  status: 500,
  statusText: undefined,
  headers: undefined,
  data: undefined,
  body: undefined,
  unhandled: true
}
Error: aborted
    at abortIncoming (node:_http_server:838:17)
    ... 3 lines matching cause stack trace ...
    at TCP.callbackTrampoline (node:internal/async_hooks:130:17) {
  cause: Error: aborted
      at abortIncoming (node:_http_server:838:17)
      at socketOnClose (node:_http_server:832:3)
      at Socket.emit (node:events:531:35)
      at TCP.<anonymous> (node:net:347:12)
      at TCP.callbackTrampoline (node:internal/async_hooks:130:17) {
    code: 'ECONNRESET'
  },
  status: 500,
  statusText: undefined,
  headers: undefined,
  data: undefined,
  body: undefined,
  unhandled: true
}
Error: aborted
    at abortIncoming (node:_http_server:838:17)
    ... 3 lines matching cause stack trace ...
    at TCP.callbackTrampoline (node:internal/async_hooks:130:17) {
  cause: Error: aborted
      at abortIncoming (node:_http_server:838:17)
      at socketOnClose (node:_http_server:832:3)
      at Socket.emit (node:events:531:35)
      at TCP.<anonymous> (node:net:347:12)
      at TCP.callbackTrampoline (node:internal/async_hooks:130:17) {
    code: 'ECONNRESET'
  },
  status: 500,
  statusText: undefined,
  headers: undefined,
  data: undefined,
  body: undefined,
  unhandled: true
}

> preview
> node scripts/with-app-env.mjs vite preview


 ╭────────── [Build Info] ─────────────╮
 │                                     │
 │  - Build Directory: .vercel/output  │
 │  - Date: 9/9/2026, 10:51:44 AM      │
 │  - Nitro Version: 3.0.260610-beta   │
 │  - Nitro Preset: vercel             │
 │                                     │
 ╰─────────────────────────────────────╯

  ➜  Local:   http://127.0.0.1:8081/

> preview
> node scripts/with-app-env.mjs vite preview


 ╭────────── [Build Info] ─────────────╮
 │                                     │
 │  - Build Directory: .vercel/output  │
 │  - Date: 9/9/2026, 11:23:22 AM      │
 │  - Nitro Version: 3.0.260610-beta   │
 │  - Nitro Preset: vercel             │
 │                                     │
 ╰─────────────────────────────────────╯

  ➜  Local:   http://127.0.0.1:8081/

> preview
> node scripts/with-app-env.mjs vite preview


 ╭────────── [Build Info] ─────────────╮
 │                                     │
 │  - Build Directory: .vercel/output  │
 │  - Date: 9/9/2026, 11:55:25 AM      │
 │  - Nitro Version: 3.0.260610-beta   │
 │  - Nitro Preset: vercel             │
 │                                     │
 ╰─────────────────────────────────────╯

  ➜  Local:   http://127.0.0.1:8081/

> preview
> node scripts/with-app-env.mjs vite preview


 ╭────────── [Build Info] ─────────────╮
 │                                     │
 │  - Build Directory: .vercel/output  │
 │  - Date: 9/9/2026, 12:08:39 PM      │
 │  - Nitro Version: 3.0.260610-beta   │
 │  - Nitro Preset: vercel             │
 │                                     │
 ╰─────────────────────────────────────╯

  ➜  Local:   http://127.0.0.1:8081/

> preview
> node scripts/with-app-env.mjs vite preview


 ╭────────── [Build Info] ─────────────╮
 │                                     │
 │  - Build Directory: .vercel/output  │
 │  - Date: 9/9/2026, 12:22:33 PM      │
 │  - Nitro Version: 3.0.260610-beta   │
 │  - Nitro Preset: vercel             │
 │                                     │
 ╰─────────────────────────────────────╯

  ➜  Local:   http://127.0.0.1:8081/

> preview
> node scripts/with-app-env.mjs vite preview


 ╭────────── [Build Info] ─────────────╮
 │                                     │
 │  - Build Directory: .vercel/output  │
 │  - Date: 9/9/2026, 12:40:14 PM      │
 │  - Nitro Version: 3.0.260610-beta   │
 │  - Nitro Preset: vercel             │
 │                                     │
 ╰─────────────────────────────────────╯

  ➜  Local:   http://127.0.0.1:8081/

> preview
> node scripts/with-app-env.mjs vite preview


 ╭────────── [Build Info] ─────────────╮
 │                                     │
 │  - Build Directory: .vercel/output  │
 │  - Date: 9/9/2026, 1:05:06 PM       │
 │  - Nitro Version: 3.0.260610-beta   │
 │  - Nitro Preset: vercel             │
 │                                     │
 ╰─────────────────────────────────────╯

  ➜  Local:   http://127.0.0.1:8081/

> preview
> node scripts/with-app-env.mjs vite preview


 ╭────────── [Build Info] ─────────────╮
 │                                     │
 │  - Build Directory: .vercel/output  │
 │  - Date: 9/9/2026, 1:52:37 PM       │
 │  - Nitro Version: 3.0.260610-beta   │
 │  - Nitro Preset: vercel             │
 │                                     │
 ╰─────────────────────────────────────╯

  ➜  Local:   http://127.0.0.1:8081/
[db] PGLite bootstrap failed: Error: ENOENT: no such file or directory, open '/workspace/.vercel/output/functions/__server.func/_libs/pglite.data'
    at async open (node:internal/fs/promises:639:25)
    at async Module.readFile (node:internal/fs/promises:1252:14)
    at async Object.w$2 (file:///workspace/.vercel/output/functions/__server.func/_libs/electric-sql__pglite.mjs:114:16) {
  errno: -2,
  code: 'ENOENT',
  syscall: 'open',
  path: '/workspace/.vercel/output/functions/__server.func/_libs/pglite.data'
}
node:internal/process/promises:394
    triggerUncaughtException(err, true /* fromPromise */);
    ^

Error: ENOENT: no such file or directory, open '/workspace/.vercel/output/functions/__server.func/_libs/pglite.data'
    at async open (node:internal/fs/promises:639:25)
    at async Module.readFile (node:internal/fs/promises:1252:14)
    at async Object.w$2 (file:///workspace/.vercel/output/functions/__server.func/_libs/electric-sql__pglite.mjs:114:16) {
  errno: -2,
  code: 'ENOENT',
  syscall: 'open',
  path: '/workspace/.vercel/output/functions/__server.func/_libs/pglite.data'
}

Node.js v22.23.2

> preview
> node scripts/with-app-env.mjs vite preview


 ╭────────── [Build Info] ─────────────╮
 │                                     │
 │  - Build Directory: .vercel/output  │
 │  - Date: 9/9/2026, 3:17:48 PM       │
 │  - Nitro Version: 3.0.260610-beta   │
 │  - Nitro Preset: vercel             │
 │                                     │
 ╰─────────────────────────────────────╯

  ➜  Local:   http://127.0.0.1:8081/

> preview
> node scripts/with-app-env.mjs vite preview


 ╭────────── [Build Info] ─────────────╮
 │                                     │
 │  - Build Directory: .vercel/output  │
 │  - Date: 9/9/2026, 4:14:23 PM       │
 │  - Nitro Version: 3.0.260610-beta   │
 │  - Nitro Preset: vercel             │
 │                                     │
 ╰─────────────────────────────────────╯

  ➜  Local:   http://127.0.0.1:8081/
[db] PGLite bootstrap failed: Error: ENOENT: no such file or directory, open '/workspace/.vercel/output/functions/__server.func/_libs/pglite.data'
    at async open (node:internal/fs/promises:639:25)
    at async Module.readFile (node:internal/fs/promises:1252:14)
    at async Object.w$2 (file:///workspace/.vercel/output/functions/__server.func/_libs/electric-sql__pglite.mjs:114:16) {
  errno: -2,
  code: 'ENOENT',
  syscall: 'open',
  path: '/workspace/.vercel/output/functions/__server.func/_libs/pglite.data'
}
node:internal/process/promises:394
    triggerUncaughtException(err, true /* fromPromise */);
    ^

Error: ENOENT: no such file or directory, open '/workspace/.vercel/output/functions/__server.func/_libs/pglite.data'
    at async open (node:internal/fs/promises:639:25)
    at async Module.readFile (node:internal/fs/promises:1252:14)
    at async Object.w$2 (file:///workspace/.vercel/output/functions/__server.func/_libs/electric-sql__pglite.mjs:114:16) {
  errno: -2,
  code: 'ENOENT',
  syscall: 'open',
  path: '/workspace/.vercel/output/functions/__server.func/_libs/pglite.data'
}

Node.js v22.23.2

> preview
> node scripts/with-app-env.mjs vite preview


 ╭────────── [Build Info] ─────────────╮
 │                                     │
 │  - Build Directory: .vercel/output  │
 │  - Date: 9/9/2026, 4:14:23 PM       │
 │  - Nitro Version: 3.0.260610-beta   │
 │  - Nitro Preset: vercel             │
 │                                     │
 ╰─────────────────────────────────────╯

  ➜  Local:   http://127.0.0.1:8081/
[db] PGLite bootstrap failed: Error: ENOENT: no such file or directory, open '/workspace/.vercel/output/functions/__server.func/_libs/pglite.data'
    at async open (node:internal/fs/promises:639:25)
    at async Module.readFile (node:internal/fs/promises:1252:14)
    at async Object.w$2 (file:///workspace/.vercel/output/functions/__server.func/_libs/electric-sql__pglite.mjs:114:16) {
  errno: -2,
  code: 'ENOENT',
  syscall: 'open',
  path: '/workspace/.vercel/output/functions/__server.func/_libs/pglite.data'
}
node:internal/process/promises:394
    triggerUncaughtException(err, true /* fromPromise */);
    ^

Error: ENOENT: no such file or directory, open '/workspace/.vercel/output/functions/__server.func/_libs/pglite.data'
    at async open (node:internal/fs/promises:639:25)
    at async Module.readFile (node:internal/fs/promises:1252:14)
    at async Object.w$2 (file:///workspace/.vercel/output/functions/__server.func/_libs/electric-sql__pglite.mjs:114:16) {
  errno: -2,
  code: 'ENOENT',
  syscall: 'open',
  path: '/workspace/.vercel/output/functions/__server.func/_libs/pglite.data'
}

Node.js v22.23.2

> preview
> node scripts/with-app-env.mjs vite preview


 ╭────────── [Build Info] ─────────────╮
 │                                     │
 │  - Build Directory: .vercel/output  │
 │  - Date: 9/9/2026, 4:14:23 PM       │
 │  - Nitro Version: 3.0.260610-beta   │
 │  - Nitro Preset: vercel             │
 │                                     │
 ╰─────────────────────────────────────╯

  ➜  Local:   http://127.0.0.1:8081/
Error: aborted
    at abortIncoming (node:_http_server:838:17)
    ... 3 lines matching cause stack trace ...
    at TCP.callbackTrampoline (node:internal/async_hooks:130:17) {
  cause: Error: aborted
      at abortIncoming (node:_http_server:838:17)
      at socketOnClose (node:_http_server:832:3)
      at Socket.emit (node:events:531:35)
      at TCP.<anonymous> (node:net:347:12)
      at TCP.callbackTrampoline (node:internal/async_hooks:130:17) {
    code: 'ECONNRESET'
  },
  status: 500,
  statusText: undefined,
  headers: undefined,
  data: undefined,
  body: undefined,
  unhandled: true
}
[db] PGLite bootstrap failed: Error: ENOENT: no such file or directory, open '/workspace/.vercel/output/functions/__server.func/_libs/pglite.data'
    at async open (node:internal/fs/promises:639:25)
    at async Module.readFile (node:internal/fs/promises:1252:14)
    at async Object.w$2 (file:///workspace/.vercel/output/functions/__server.func/_libs/electric-sql__pglite.mjs:114:16) {
  errno: -2,
  code: 'ENOENT',
  syscall: 'open',
  path: '/workspace/.vercel/output/functions/__server.func/_libs/pglite.data'
}
node:internal/process/promises:394
    triggerUncaughtException(err, true /* fromPromise */);
    ^

Error: ENOENT: no such file or directory, open '/workspace/.vercel/output/functions/__server.func/_libs/pglite.data'
    at async open (node:internal/fs/promises:639:25)
    at async Module.readFile (node:internal/fs/promises:1252:14)
    at async Object.w$2 (file:///workspace/.vercel/output/functions/__server.func/_libs/electric-sql__pglite.mjs:114:16) {
  errno: -2,
  code: 'ENOENT',
  syscall: 'open',
  path: '/workspace/.vercel/output/functions/__server.func/_libs/pglite.data'
}

Node.js v22.23.2

> preview
> node scripts/with-app-env.mjs vite preview


 ╭────────── [Build Info] ─────────────╮
 │                                     │
 │  - Build Directory: .vercel/output  │
 │  - Date: 9/9/2026, 4:22:26 PM       │
 │  - Nitro Version: 3.0.260610-beta   │
 │  - Nitro Preset: vercel             │
 │                                     │
 ╰─────────────────────────────────────╯

  ➜  Local:   http://127.0.0.1:8081/
[db] PGLite bootstrap failed: Error: ENOENT: no such file or directory, open '/workspace/.vercel/output/functions/__server.func/_libs/pglite.data'
    at async open (node:internal/fs/promises:639:25)
    at async Module.readFile (node:internal/fs/promises:1252:14)
    at async Object.w$2 (file:///workspace/.vercel/output/functions/__server.func/_libs/electric-sql__pglite.mjs:114:16) {
  errno: -2,
  code: 'ENOENT',
  syscall: 'open',
  path: '/workspace/.vercel/output/functions/__server.func/_libs/pglite.data'
}
node:internal/process/promises:394
    triggerUncaughtException(err, true /* fromPromise */);
    ^

Error: ENOENT: no such file or directory, open '/workspace/.vercel/output/functions/__server.func/_libs/pglite.data'
    at async open (node:internal/fs/promises:639:25)
    at async Module.readFile (node:internal/fs/promises:1252:14)
    at async Object.w$2 (file:///workspace/.vercel/output/functions/__server.func/_libs/electric-sql__pglite.mjs:114:16) {
  errno: -2,
  code: 'ENOENT',
  syscall: 'open',
  path: '/workspace/.vercel/output/functions/__server.func/_libs/pglite.data'
}

Node.js v22.23.2

> preview
> node scripts/with-app-env.mjs vite preview


 ╭────────── [Build Info] ─────────────╮
 │                                     │
 │  - Build Directory: .vercel/output  │
 │  - Date: 9/9/2026, 4:22:26 PM       │
 │  - Nitro Version: 3.0.260610-beta   │
 │  - Nitro Preset: vercel             │
 │                                     │
 ╰─────────────────────────────────────╯

  ➜  Local:   http://127.0.0.1:8081/
[db] PGLite bootstrap failed: Error: ENOENT: no such file or directory, open '/workspace/.vercel/output/functions/__server.func/_libs/pglite.data'
    at async open (node:internal/fs/promises:639:25)
    at async Module.readFile (node:internal/fs/promises:1252:14)
    at async Object.w$2 (file:///workspace/.vercel/output/functions/__server.func/_libs/electric-sql__pglite.mjs:114:16) {
  errno: -2,
  code: 'ENOENT',
  syscall: 'open',
  path: '/workspace/.vercel/output/functions/__server.func/_libs/pglite.data'
}
node:internal/process/promises:394
    triggerUncaughtException(err, true /* fromPromise */);
    ^

Error: ENOENT: no such file or directory, open '/workspace/.vercel/output/functions/__server.func/_libs/pglite.data'
    at async open (node:internal/fs/promises:639:25)
    at async Module.readFile (node:internal/fs/promises:1252:14)
    at async Object.w$2 (file:///workspace/.vercel/output/functions/__server.func/_libs/electric-sql__pglite.mjs:114:16) {
  errno: -2,
  code: 'ENOENT',
  syscall: 'open',
  path: '/workspace/.vercel/output/functions/__server.func/_libs/pglite.data'
}

Node.js v22.23.2

> preview
> node scripts/with-app-env.mjs vite preview


 ╭────────── [Build Info] ─────────────╮
 │                                     │
 │  - Build Directory: .vercel/output  │
 │  - Date: 9/9/2026, 9:51:13 PM       │
 │  - Nitro Version: 3.0.260610-beta   │
 │  - Nitro Preset: vercel             │
 │                                     │
 ╰─────────────────────────────────────╯

  ➜  Local:   http://127.0.0.1:8081/
[db] PGLite bootstrap failed: Error: ENOENT: no such file or directory, open '/workspace/.vercel/output/functions/__server.func/_libs/pglite.data'
    at async open (node:internal/fs/promises:639:25)
    at async Module.readFile (node:internal/fs/promises:1252:14)
    at async Object.w$2 (file:///workspace/.vercel/output/functions/__server.func/_libs/electric-sql__pglite.mjs:114:16) {
  errno: -2,
  code: 'ENOENT',
  syscall: 'open',
  path: '/workspace/.vercel/output/functions/__server.func/_libs/pglite.data'
}
node:internal/process/promises:394
    triggerUncaughtException(err, true /* fromPromise */);
    ^

Error: ENOENT: no such file or directory, open '/workspace/.vercel/output/functions/__server.func/_libs/pglite.data'
    at async open (node:internal/fs/promises:639:25)
    at async Module.readFile (node:internal/fs/promises:1252:14)
    at async Object.w$2 (file:///workspace/.vercel/output/functions/__server.func/_libs/electric-sql__pglite.mjs:114:16) {
  errno: -2,
  code: 'ENOENT',
  syscall: 'open',
  path: '/workspace/.vercel/output/functions/__server.func/_libs/pglite.data'
}

Node.js v22.23.2

> preview
> node scripts/with-app-env.mjs vite preview


 ╭────────── [Build Info] ─────────────╮
 │                                     │
 │  - Build Directory: .vercel/output  │
 │  - Date: 9/9/2026, 9:51:13 PM       │
 │  - Nitro Version: 3.0.260610-beta   │
 │  - Nitro Preset: vercel             │
 │                                     │
 ╰─────────────────────────────────────╯

  ➜  Local:   http://127.0.0.1:8081/
[db] PGLite bootstrap failed: Error: ENOENT: no such file or directory, open '/workspace/.vercel/output/functions/__server.func/_libs/pglite.data'
    at async open (node:internal/fs/promises:639:25)
    at async Module.readFile (node:internal/fs/promises:1252:14)
    at async Object.w$2 (file:///workspace/.vercel/output/functions/__server.func/_libs/electric-sql__pglite.mjs:114:16) {
  errno: -2,
  code: 'ENOENT',
  syscall: 'open',
  path: '/workspace/.vercel/output/functions/__server.func/_libs/pglite.data'
}
node:internal/process/promises:394
    triggerUncaughtException(err, true /* fromPromise */);
    ^

Error: ENOENT: no such file or directory, open '/workspace/.vercel/output/functions/__server.func/_libs/pglite.data'
    at async open (node:internal/fs/promises:639:25)
    at async Module.readFile (node:internal/fs/promises:1252:14)
    at async Object.w$2 (file:///workspace/.vercel/output/functions/__server.func/_libs/electric-sql__pglite.mjs:114:16) {
  errno: -2,
  code: 'ENOENT',
  syscall: 'open',
  path: '/workspace/.vercel/output/functions/__server.func/_libs/pglite.data'
}

Node.js v22.23.2

> preview
> node scripts/with-app-env.mjs vite preview


 ╭────────── [Build Info] ─────────────╮
 │                                     │
 │  - Build Directory: .vercel/output  │
 │  - Date: 9/9/2026, 9:51:13 PM       │
 │  - Nitro Version: 3.0.260610-beta   │
 │  - Nitro Preset: vercel             │
 │                                     │
 ╰─────────────────────────────────────╯

  ➜  Local:   http://127.0.0.1:8081/
2026-09-09T21:52:11.063Z WARN [Better Auth]: Rate limiting could not determine a client IP and is falling back to a single shared per-path bucket. Ensure your runtime forwards a trusted client IP header, then set `advanced.ipAddress.ipAddressHeaders` or `advanced.ipAddress.trustedProxies` so the address can be resolved.

> preview
> node scripts/with-app-env.mjs vite preview


 ╭────────── [Build Info] ─────────────╮
 │                                     │
 │  - Build Directory: .vercel/output  │
 │  - Date: 9/9/2026, 10:38:59 PM      │
 │  - Nitro Version: 3.0.260610-beta   │
 │  - Nitro Preset: vercel             │
 │                                     │
 ╰─────────────────────────────────────╯

  ➜  Local:   http://127.0.0.1:8081/
[db] PGLite bootstrap failed: Error: ENOENT: no such file or directory, open '/workspace/.vercel/output/functions/__server.func/_libs/pglite.data'
    at async open (node:internal/fs/promises:639:25)
    at async Module.readFile (node:internal/fs/promises:1252:14)
    at async Object.w$2 (file:///workspace/.vercel/output/functions/__server.func/_libs/electric-sql__pglite.mjs:114:16) {
  errno: -2,
  code: 'ENOENT',
  syscall: 'open',
  path: '/workspace/.vercel/output/functions/__server.func/_libs/pglite.data'
}
node:internal/process/promises:394
    triggerUncaughtException(err, true /* fromPromise */);
    ^

Error: ENOENT: no such file or directory, open '/workspace/.vercel/output/functions/__server.func/_libs/pglite.data'
    at async open (node:internal/fs/promises:639:25)
    at async Module.readFile (node:internal/fs/promises:1252:14)
    at async Object.w$2 (file:///workspace/.vercel/output/functions/__server.func/_libs/electric-sql__pglite.mjs:114:16) {
  errno: -2,
  code: 'ENOENT',
  syscall: 'open',
  path: '/workspace/.vercel/output/functions/__server.func/_libs/pglite.data'
}

Node.js v22.23.2

> preview
> node scripts/with-app-env.mjs vite preview


 ╭────────── [Build Info] ─────────────╮
 │                                     │
 │  - Build Directory: .vercel/output  │
 │  - Date: 9/9/2026, 10:38:59 PM      │
 │  - Nitro Version: 3.0.260610-beta   │
 │  - Nitro Preset: vercel             │
 │                                     │
 ╰─────────────────────────────────────╯

  ➜  Local:   http://127.0.0.1:8081/
[db] PGLite bootstrap failed: Error: ENOENT: no such file or directory, open '/workspace/.vercel/output/functions/__server.func/_libs/pglite.data'
    at async open (node:internal/fs/promises:639:25)
    at async Module.readFile (node:internal/fs/promises:1252:14)
    at async Object.w$2 (file:///workspace/.vercel/output/functions/__server.func/_libs/electric-sql__pglite.mjs:114:16) {
  errno: -2,
  code: 'ENOENT',
  syscall: 'open',
  path: '/workspace/.vercel/output/functions/__server.func/_libs/pglite.data'
}
node:internal/process/promises:394
    triggerUncaughtException(err, true /* fromPromise */);
    ^

Error: ENOENT: no such file or directory, open '/workspace/.vercel/output/functions/__server.func/_libs/pglite.data'
    at async open (node:internal/fs/promises:639:25)
    at async Module.readFile (node:internal/fs/promises:1252:14)
    at async Object.w$2 (file:///workspace/.vercel/output/functions/__server.func/_libs/electric-sql__pglite.mjs:114:16) {
  errno: -2,
  code: 'ENOENT',
  syscall: 'open',
  path: '/workspace/.vercel/output/functions/__server.func/_libs/pglite.data'
}

Node.js v22.23.2
